TAP version 13
# Subtest: C-all keeps its 48k playback clock, 94px Normal, 12 cuts, and rational observation tail
ok 1 - C-all keeps its 48k playback clock, 94px Normal, 12 cuts, and rational observation tail
  ---
  duration_ms: 10.981875
  ...
# Subtest: C-all rejects borrowed 96px/44.1k settings and altered original source-clock offsets
ok 2 - C-all rejects borrowed 96px/44.1k settings and altered original source-clock offsets
  ---
  duration_ms: 6.311291
  ...
# Subtest: current finite motion materialization rejects the unchanged C-all 94px Normal
ok 3 - current finite motion materialization rejects the unchanged C-all 94px Normal
  ---
  duration_ms: 0.651459
  ...
# Subtest: explicit audio adaptation preserves all ASR including observations outside candidate contexts
ok 4 - explicit audio adaptation preserves all ASR including observations outside candidate contexts
  ---
  duration_ms: 16.217042
  ...
# Subtest: native adapter rejects another source, missing ASR, rewritten timing, and lost peak membership
ok 5 - native adapter rejects another source, missing ASR, rewritten timing, and lost peak membership
  ---
  duration_ms: 6.832542
  ...
1..5
# tests 5
# suites 0
# pass 5
# fail 0
# cancelled 0
# skipped 0
# todo 0
# duration_ms 102.603875
