TAP version 13
# Subtest: new input keeps Color and Panel as the two Focus expressions with a separate finite background table
ok 1 - new input keeps Color and Panel as the two Focus expressions with a separate finite background table
  ---
  duration_ms: 4.244083
  ...
# Subtest: expression assignments and full hashes match the pre-background identity after background expansion
ok 2 - expression assignments and full hashes match the pre-background identity after background expansion
  ---
  duration_ms: 18.4995
  ...
# Subtest: Normal, reaction and vocal-energy retain their expression assignment without a Panel background selection
ok 3 - Normal, reaction and vocal-energy retain their expression assignment without a Panel background selection
  ---
  duration_ms: 2.151375
  ...
# Subtest: each singleton Panel background is saved as its final finite preset and materialized on the same clock
ok 4 - each singleton Panel background is saved as its final finite preset and materialized on the same clock
  ---
  duration_ms: 10.554917
  ...
# Subtest: Panel background selection is independent of expression assignment and ignores row or set ordering
ok 5 - Panel background selection is independent of expression assignment and ignores row or set ordering
  ---
  duration_ms: 3.756791
  ...
# Subtest: Panel backgrounds cannot become extra Focus expressions or drawing values and must be explicitly allowed
ok 6 - Panel backgrounds cannot become extra Focus expressions or drawing values and must be explicitly allowed
  ---
  duration_ms: 3.334583
  ...
# Subtest: inapplicable backgrounds are rejected even when the first stage would select Color
ok 7 - inapplicable backgrounds are rejected even when the first stage would select Color
  ---
  duration_ms: 1.298791
  ...
# Subtest: reloading and Reset restore the fixed automatic background while preserving other saved axes
ok 8 - reloading and Reset restore the fixed automatic background while preserving other saved axes
  ---
  duration_ms: 21.871584
  ...
# Subtest: saved background selections and final choices cannot be changed, including to a managed but unallowed background
ok 9 - saved background selections and final choices cannot be changed, including to a managed but unallowed background
  ---
  duration_ms: 3.9185
  ...
# Subtest: v001 input, reply, selection record and evidence are rejected without implicit upgrading
ok 10 - v001 input, reply, selection record and evidence are rejected without implicit upgrading
  ---
  duration_ms: 4.934458
  ...
# Subtest: unfinished and unrepresentable rows do not receive a background selection or become Normal
ok 11 - unfinished and unrepresentable rows do not receive a background selection or become Normal
  ---
  duration_ms: 5.400208
  ...
# Subtest: the independent background selector rejects unknown, duplicate or arbitrary values without coercion
ok 12 - the independent background selector rejects unknown, duplicate or arbitrary values without coercion
  ---
  duration_ms: 0.750542
  ...
# Subtest: fresh complete semantic judgment seals four independent saved systems without a prior answer
ok 13 - fresh complete semantic judgment seals four independent saved systems without a prior answer
  ---
  duration_ms: 11.937167
  ...
# Subtest: stable hashing ignores allowed-set order, other item judgments and decision row order
ok 14 - stable hashing ignores allowed-set order, other item judgments and decision row order
  ---
  duration_ms: 5.0065
  ...
# Subtest: Normal, unresolved and unrepresentable remain separately counted with complete coverage
ok 15 - Normal, unresolved and unrepresentable remain separately counted with complete coverage
  ---
  duration_ms: 4.846292
  ...
# Subtest: reject omitted, duplicated, incomplete, foreign or hidden numeric judgment fields before fixation
ok 16 - reject omitted, duplicated, incomplete, foreign or hidden numeric judgment fields before fixation
  ---
  duration_ms: 3.067084
  ...
# Subtest: partial Color is exact text and sole preset; physical exclusions and Pulse eligibility are binding
ok 17 - partial Color is exact text and sole preset; physical exclusions and Pulse eligibility are binding
  ---
  duration_ms: 5.885625
  ...
# Subtest: caption override affects one caption and preserves automatic records and connection override bytes
ok 18 - caption override affects one caption and preserves automatic records and connection override bytes
  ---
  duration_ms: 8.222
  ...
# Subtest: connection override shifts later captions and measured peak once while fixed captions remain original
ok 19 - connection override shifts later captions and measured peak once while fixed captions remain original
  ---
  duration_ms: 7.872792
  ...
# Subtest: 48kHz projection is separate from 16kHz Pulse observations and uses integer insertions
ok 20 - 48kHz projection is separate from 16kHz Pulse observations and uses integer insertions
  ---
  duration_ms: 3.983667
  ...
# Subtest: Reset deletes one override, restores fixed auto, preserves the other axis, and repeated Reset is idempotent
ok 21 - Reset deletes one override, restores fixed auto, preserves the other axis, and repeated Reset is idempotent
  ---
  duration_ms: 12.109459
  ...
# Subtest: caption and connection changes commute and sequential reloading never accumulates shifts
ok 22 - caption and connection changes commute and sequential reloading never accumulates shifts
  ---
  duration_ms: 18.838834
  ...
# Subtest: all dynamic finite captions start on projected display time and return to normal within the original duration
ok 23 - all dynamic finite captions start on projected display time and return to normal within the original duration
  ---
  duration_ms: 8.665917
  ...
# Subtest: source replacement, shifted input, saved-auto edits and fabricated views are rejected
ok 24 - source replacement, shifted input, saved-auto edits and fabricated views are rejected
  ---
  duration_ms: 4.74375
  ...
# Subtest: same-duration Black to Soft update invalidates stale projection/view; current state reload succeeds
ok 25 - same-duration Black to Soft update invalidates stale projection/view; current state reload succeeds
  ---
  duration_ms: 11.990875
  ...
# Subtest: saved rendering proof reconstructs checked sources and rejects tampering even after resealing the outer proof
ok 26 - saved rendering proof reconstructs checked sources and rejects tampering even after resealing the outer proof
  ---
  duration_ms: 9.681583
  ...
# Subtest: native QC alternatives retain display time and fixed text geometry, with whole-Color and Panel discriminators
ok 27 - native QC alternatives retain display time and fixed text geometry, with whole-Color and Panel discriminators
  ---
  duration_ms: 3.872042
  ...
# Subtest: finite materialization does not accept inherited/extra drawing data or an unbound Pulse peak
ok 28 - finite materialization does not accept inherited/extra drawing data or an unbound Pulse peak
  ---
  duration_ms: 0.802084
  ...
# Subtest: fresh semantic reasoning may cite actual ASR observations, while unknown IDs still fail
ok 29 - fresh semantic reasoning may cite actual ASR observations, while unknown IDs still fail
  ---
  duration_ms: 1.41725
  ...
# Subtest: AI input retains every native candidate and the measured sample clock cannot be relabeled
ok 30 - AI input retains every native candidate and the measured sample clock cannot be relabeled
  ---
  duration_ms: 0.820834
  ...
1..30
# tests 30
# suites 0
# pass 30
# fail 0
# cancelled 0
# skipped 0
# todo 0
# duration_ms 193.072542
