TAP version 13
# Subtest: the fixed recipe includes every caption and all moving Pulse frames without caller-selected samples
ok 1 - the fixed recipe includes every caption and all moving Pulse frames without caller-selected samples
  ---
  duration_ms: 11.456375
  ...
# Subtest: mandatory Color/Panel/Normal references and their drawing conditions cannot be silently omitted
ok 2 - mandatory Color/Panel/Normal references and their drawing conditions cannot be silently omitted
  ---
  duration_ms: 17.853541
  ...
# Subtest: a partial selection that covers the whole caption still gets the resolver-required duplicate alternative
ok 3 - a partial selection that covers the whole caption still gets the resolver-required duplicate alternative
  ---
  duration_ms: 4.941333
  ...
# Subtest: foreign references occupy the target clock and candidate bounds, not the inactive caption clock or corrupted frame bounds
ok 4 - foreign references occupy the target clock and candidate bounds, not the inactive caption clock or corrupted frame bounds
  ---
  duration_ms: 4.479708
  ...
# Subtest: simultaneous captions retain their own fades and receive a real pair-order alternative
ok 5 - simultaneous captions retain their own fades and receive a real pair-order alternative
  ---
  duration_ms: 4.666875
  ...
# Subtest: exact pixel classes permit a Normal alias but reject target absence and an unequal-image tie
ok 6 - exact pixel classes permit a Normal alias but reject target absence and an unequal-image tie
  ---
  duration_ms: 0.367167
  ...
# Subtest: whole-caption overpaint and foreign pixels need adversarial references even without empirical thresholds
ok 7 - whole-caption overpaint and foreign pixels need adversarial references even without empirical thresholds
  ---
  duration_ms: 0.126792
  ...
# Subtest: the pure validator accepts complete synthetic evidence and independently rejects material evidence tampering
ok 8 - the pure validator accepts complete synthetic evidence and independently rejects material evidence tampering
  ---
  duration_ms: 56.300708
  ...
# Subtest: bounce native recipe covers every entrance frame and stable visibility with every wrong state as an adversary
ok 9 - bounce native recipe covers every entrance frame and stable visibility with every wrong state as an adversary
  ---
  duration_ms: 8.699709
  ...
# Subtest: bounce rejects a missing, reordered or mixed native state set and missing entrance/stable observations
ok 10 - bounce rejects a missing, reordered or mixed native state set and missing entrance/stable observations
  ---
  duration_ms: 49.658
  ...
# Subtest: shake native recipe covers every entrance frame and stable visibility with every wrong state as an adversary
ok 11 - shake native recipe covers every entrance frame and stable visibility with every wrong state as an adversary
  ---
  duration_ms: 6.159375
  ...
# Subtest: shake rejects a missing, reordered or mixed native state set and missing entrance/stable observations
ok 12 - shake rejects a missing, reordered or mixed native state set and missing entrance/stable observations
  ---
  duration_ms: 49.039459
  ...
1..12
# tests 12
# suites 0
# pass 12
# fail 0
# cancelled 0
# skipped 0
# todo 0
# duration_ms 296.095667
