TAP version 13
# Subtest: 一件追加・明示Normal・Resetは独立して保存され別processから再読できる
ok 1 - 一件追加・明示Normal・Resetは独立して保存され別processから再読できる
  ---
  duration_ms: 10943.472375
  ...
# Subtest: 字幕と接続を両順序で保存・Resetしても他方の指定を変えない
ok 2 - 字幕と接続を両順序で保存・Resetしても他方の指定を変えない # SKIP test name does not match pattern
  ---
  duration_ms: 0.349958
  ...
# Subtest: 古い保存版と同時保存を拒否して先行保存を保持する
ok 3 - 古い保存版と同時保存を拒否して先行保存を保持する # SKIP test name does not match pattern
  ---
  duration_ms: 0.04525
  ...
# Subtest: 不正文字範囲・未知ピーク・短過ぎる字幕は保存を変更しない
ok 4 - 不正文字範囲・未知ピーク・短過ぎる字幕は保存を変更しない # SKIP test name does not match pattern
  ---
  duration_ms: 0.0345
  ...
# Subtest: 同語反復・改行・結合文字・絵文字の選択を正確な出現位置へ変換する
ok 5 - 同語反復・改行・結合文字・絵文字の選択を正確な出現位置へ変換する # SKIP test name does not match pattern
  ---
  duration_ms: 0.11375
  ...
# Subtest: Pulse候補は実在する適格ピークだけを時刻で表示し通常字幕へ追加できる
ok 6 - Pulse候補は実在する適格ピークだけを時刻で表示し通常字幕へ追加できる # SKIP test name does not match pattern
  ---
  duration_ms: 0.0355
  ...
# Subtest: 描画用snapshotはその後の保存から独立し、固定自動案の改変を再読で拒否する
ok 7 - 描画用snapshotはその後の保存から独立し、固定自動案の改変を再読で拒否する # SKIP test name does not match pattern
  ---
  duration_ms: 0.035458
  ...
# Subtest: 旧全編・旧previewの時計で対象を引き、接続挿入後も安定IDを維持する
ok 8 - 旧全編・旧previewの時計で対象を引き、接続挿入後も安定IDを維持する # SKIP test name does not match pattern
  ---
  duration_ms: 0.0225
  ...
# Subtest: 挿入黒は接続に所有させ、字幕の空白を近い字幕の選択にしない
ok 9 - 挿入黒は接続に所有させ、字幕の空白を近い字幕の選択にしない # SKIP test name does not match pattern
  ---
  duration_ms: 0.098917
  ...
# Subtest: 同尺BlackからSoftへの変更でも版は変わり、確認範囲は全動作と接続前後を含む
ok 10 - 同尺BlackからSoftへの変更でも版は変わり、確認範囲は全動作と接続前後を含む # SKIP test name does not match pattern
  ---
  duration_ms: 0.092417
  ...
# Subtest: 全32字幕・全接続の一覧seekと動画位置逆引きがframe境界でも一致する
ok 11 - 全32字幕・全接続の一覧seekと動画位置逆引きがframe境界でも一致する # SKIP test name does not match pattern
  ---
  duration_ms: 0.038708
  ...
# Subtest: 実書体でNormalが収まっても拡大・Panel・全動作が収まらなければ候補と直接保存を同じ物理判定で拒否する
ok 12 - 実書体でNormalが収まっても拡大・Panel・全動作が収まらなければ候補と直接保存を同じ物理判定で拒否する # SKIP test name does not match pattern
  ---
  duration_ms: 0.033208
  ...
# Subtest: 過去の描画規則へ束縛した物理観測を現在の候補表示や保存に流用しない
ok 13 - 過去の描画規則へ束縛した物理観測を現在の候補表示や保存に流用しない # SKIP test name does not match pattern
  ---
  duration_ms: 0.025042
  ...
# Subtest: 同時に同じ位置へ出る字幕は実配置で拒否し時刻が接するだけの字幕は検査範囲から外す
ok 14 - 同時に同じ位置へ出る字幕は実配置で拒否し時刻が接するだけの字幕は検査範囲から外す # SKIP test name does not match pattern
  ---
  duration_ms: 0.02525
  ...
1..14
# tests 14
# suites 0
# pass 1
# fail 0
# cancelled 0
# skipped 13
# todo 0
# duration_ms 11163.469542
