{"operation":"caption-preview","status":"running","jobId":"2a9bc100-9217-434b-81a7-7866bf8cb4ed"}
{"operation":"caption-preview","status":"running","phase":"保存状態を固定しました。周辺の準備を始めます。"}
{"operation":"caption-preview","status":"running","phase":"確認範囲の映像と音声を準備しています。"}
{"operation":"caption-preview","status":"running","phase":"字幕の描画素材を準備しています。"}
{"operation":"caption-preview","status":"running","phase":"字幕と接続の表現を動画へ反映しています。"}
{"operation":"caption-preview","status":"running","phase":"確認範囲の映像と音声を検査しています。"}
{"operation":"caption-preview","status":"running","phase":"出力した動画の登録を準備しています。"}
{"operation":"caption-preview","status":"succeeded","phase":"この範囲の確認が完了しました"}
{"operation":"caption-preview","status":"passed","elapsedMilliseconds":113844.42775,"reused":false,"mediaId":"2a9bc100-9217-434b-81a7-7866bf8cb4ed"}
{"operation":"caption-preview-reuse","status":"succeeded","jobId":"ba04d7a9-0957-4857-b351-7328d5cc8469"}
{"operation":"caption-preview-reuse","status":"succeeded","phase":"同じ保存状態・範囲の検査済み動画を再利用しました。"}
{"operation":"caption-preview-reuse","status":"passed","elapsedMilliseconds":450.0085000000108,"reused":true,"mediaId":"2a9bc100-9217-434b-81a7-7866bf8cb4ed"}
{"operation":"connection-preview","status":"running","jobId":"ccb9d797-b986-4454-a219-ce6444f444e3"}
{"operation":"connection-preview","status":"running","phase":"保存状態を固定しました。周辺の準備を始めます。"}
{"operation":"connection-preview","status":"running","phase":"確認範囲の映像と音声を準備しています。"}
{"operation":"connection-preview","status":"running","phase":"字幕の描画素材を準備しています。"}
{"operation":"connection-preview","status":"running","phase":"字幕と接続の表現を動画へ反映しています。"}
{"operation":"connection-preview","status":"running","phase":"確認範囲の映像と音声を検査しています。"}
{"operation":"connection-preview","status":"succeeded","phase":"この範囲の確認が完了しました"}
{"operation":"connection-preview","status":"passed","elapsedMilliseconds":183915.271875,"reused":false,"mediaId":"ccb9d797-b986-4454-a219-ce6444f444e3"}
{"operation":"connection-preview-reuse","status":"succeeded","jobId":"1f7eaf0b-7a23-43ab-b831-c1dfd3fe163e"}
{"operation":"connection-preview-reuse","status":"succeeded","phase":"同じ保存状態・範囲の検査済み動画を再利用しました。"}
{"operation":"connection-preview-reuse","status":"passed","elapsedMilliseconds":436.7851250000531,"reused":true,"mediaId":"ccb9d797-b986-4454-a219-ce6444f444e3"}
