TAP version 13
# Subtest: 即時失敗を記録し、後から保存が進んでも失敗時の状態を再試行する
ok 1 - 即時失敗を記録し、後から保存が進んでも失敗時の状態を再試行する
  ---
  duration_ms: 6102.113917
  ...
# Subtest: 媒体登録後の中断から再起動して成功記録を補完し登録時刻を変えない
ok 2 - 媒体登録後の中断から再起動して成功記録を補完し登録時刻を変えない # SKIP test name does not match pattern
  ---
  duration_ms: 0.096917
  ...
# Subtest: 実行中の保存は固定入力を変えず、同時開始と復帰後の二重完了を防ぐ
ok 3 - 実行中の保存は固定入力を変えず、同時開始と復帰後の二重完了を防ぐ # SKIP test name does not match pattern
  ---
  duration_ms: 0.09075
  ...
# Subtest: 未変更の検証済み時計は再利用し、同一size/mtimeの改変もctimeから検出する
ok 4 - 未変更の検証済み時計は再利用し、同一size/mtimeの改変もctimeから検出する # SKIP test name does not match pattern
  ---
  duration_ms: 0.028584
  ...
# Subtest: 生成結果と描画証拠も検証cacheで改変を見逃さない
ok 5 - 生成結果と描画証拠も検証cacheで改変を見逃さない # SKIP test name does not match pattern
  ---
  duration_ms: 0.029042
  ...
# Subtest: service終了ではworkerだけでなく同じgroupの子processにも停止を伝える
ok 6 - service終了ではworkerだけでなく同じgroupの子processにも停止を伝える # SKIP test name does not match pattern
  ---
  duration_ms: 0.0245
  ...
1..6
# tests 6
# suites 0
# pass 1
# fail 0
# cancelled 0
# skipped 5
# todo 0
# duration_ms 6311.082167
