TAP version 13
# Subtest: selected frames retain global/local clocks and reject duplicate local clocks or unsorted media requests
ok 1 - selected frames retain global/local clocks and reject duplicate local clocks or unsorted media requests
  ---
  duration_ms: 1.049416
  ...
# Subtest: an exited extraction cannot pass with missing or extra selected outputs
ok 2 - an exited extraction cannot pass with missing or extra selected outputs
  ---
  duration_ms: 6.557417
  ...
# Subtest: an empty caption scope produces no extracted frame or prepared layer
ok 3 - an empty caption scope produces no extracted frame or prepared layer
  ---
  duration_ms: 1.466708
  ...
# Subtest: batch extraction matches original single-frame RGB for H264 and FFV1, including second-boundary and range offsets
ok 4 - batch extraction matches original single-frame RGB for H264 and FFV1, including second-boundary and range offsets
  ---
  duration_ms: 1458.176625
  ...
# Subtest: prepared alpha and shared prefixes retain all reference pixels, classes and strict decisions
ok 5 - prepared alpha and shared prefixes retain all reference pixels, classes and strict decisions
  ---
  duration_ms: 1037.237416
  ...
# Subtest: file-based exact distances match the pure classifier, reuse equal byte pairs and reject changed files
ok 6 - file-based exact distances match the pure classifier, reuse equal byte pairs and reject changed files
  ---
  duration_ms: 3.807417
  ...
# Subtest: process timing separates child completion from evidence write on success and failure
ok 7 - process timing separates child completion from evidence write on success and failure
  ---
  duration_ms: 42.788625
  ...
# Subtest: range scopes retain complete caption clocks, original bindings and exact playback samples
ok 8 - range scopes retain complete caption clocks, original bindings and exact playback samples
  ---
  duration_ms: 26.877292
  ...
# Subtest: mid-Pulse preview uses the full finite phase and samples local media without restarting the fade
ok 9 - mid-Pulse preview uses the full finite phase and samples local media without restarting the fade
  ---
  duration_ms: 17.852084
  ...
# Subtest: preview starting inside a motion caption preserves each remaining state and has range-only diagnostics
ok 10 - preview starting inside a motion caption preserves each remaining state and has range-only diagnostics
  ---
  duration_ms: 16.232417
  ...
# Subtest: a connection-only black range has no fabricated caption or native reference
ok 11 - a connection-only black range has no fabricated caption or native reference
  ---
  duration_ms: 12.659542
  ...
# Subtest: native preparation binds the original Normal file and draws diagnostic Normal on the projected clock
ok 12 - native preparation binds the original Normal file and draws diagnostic Normal on the projected clock
  ---
  duration_ms: 22.23875
  ...
# Subtest: native recipe reconstructs projected Pulse and motion samples from durable proof
ok 13 - native recipe reconstructs projected Pulse and motion samples from durable proof
  ---
  duration_ms: 27.59225
  ...
# Subtest: range native evidence cannot pass as full coverage or move a sampled frame to another media origin
ok 14 - range native evidence cannot pass as full coverage or move a sampled frame to another media origin
  ---
  duration_ms: 27.77625
  ...
# Subtest: durable native evidence verifies independent original-file and display-plan hashes and rejects clock substitutions
ok 15 - durable native evidence verifies independent original-file and display-plan hashes and rejects clock substitutions
  ---
  duration_ms: 64.586166
  ...
# Subtest: renderer rejects fabricated views, old-clock plans, duplicate timelines and missing combined QC before drawing
ok 16 - renderer rejects fabricated views, old-clock plans, duplicate timelines and missing combined QC before drawing
  ---
  duration_ms: 9.297333
  ...
# Subtest: renderer rejects changed original files and a background from another projection before media children
ok 17 - renderer rejects changed original files and a background from another projection before media children
  ---
  duration_ms: 9.933958
  ...
# Subtest: compositor maps independent AAC after every finite PNG and overlays only on completed background
ok 18 - compositor maps independent AAC after every finite PNG and overlays only on completed background
  ---
  duration_ms: 8.545417
  ...
# Subtest: exact replay binds independent AAC before/after and repeats the production input mapping
ok 19 - exact replay binds independent AAC before/after and repeats the production input mapping
  ---
  duration_ms: 139.513958
  ...
# Subtest: independent AAC mutation during exact replay fails even when output video bytes match
ok 20 - independent AAC mutation during exact replay fails even when output video bytes match
  ---
  duration_ms: 119.300458
  ...
1..20
# tests 20
# suites 0
# pass 20
# fail 0
# cancelled 0
# skipped 0
# todo 0
# duration_ms 2605.030458
