TAP version 13
# Subtest: 即時失敗を記録し、後から保存が進んでも失敗時の状態を再試行する
ok 1 - 即時失敗を記録し、後から保存が進んでも失敗時の状態を再試行する
  ---
  duration_ms: 804.787458
  ...
# Subtest: 媒体登録後の中断から再起動して成功記録を補完し登録時刻を変えない
ok 2 - 媒体登録後の中断から再起動して成功記録を補完し登録時刻を変えない
  ---
  duration_ms: 421.366958
  ...
# Subtest: 実行中の保存は固定入力を変えず、同時開始と復帰後の二重完了を防ぐ
ok 3 - 実行中の保存は固定入力を変えず、同時開始と復帰後の二重完了を防ぐ
  ---
  duration_ms: 610.399833
  ...
# Subtest: 未変更の検証済み時計は再利用し、同一size/mtimeの改変もctimeから検出する
ok 4 - 未変更の検証済み時計は再利用し、同一size/mtimeの改変もctimeから検出する
  ---
  duration_ms: 296.990583
  ...
# Subtest: 生成結果と描画証拠も検証cacheで改変を見逃さない
ok 5 - 生成結果と描画証拠も検証cacheで改変を見逃さない
  ---
  duration_ms: 436.935
  ...
# Subtest: service終了ではworkerだけでなく同じgroupの子processにも停止を伝える
ok 6 - service終了ではworkerだけでなく同じgroupの子processにも停止を伝える
  ---
  duration_ms: 266.926
  ...
# Subtest: 一件追加・明示Normal・Resetは独立して保存され別processから再読できる
ok 7 - 一件追加・明示Normal・Resetは独立して保存され別processから再読できる
  ---
  duration_ms: 1157.513
  ...
# Subtest: 字幕と接続を両順序で保存・Resetしても他方の指定を変えない
ok 8 - 字幕と接続を両順序で保存・Resetしても他方の指定を変えない
  ---
  duration_ms: 1836.913459
  ...
# Subtest: 古い保存版と同時保存を拒否して先行保存を保持する
ok 9 - 古い保存版と同時保存を拒否して先行保存を保持する
  ---
  duration_ms: 430.949417
  ...
# Subtest: 不正文字範囲・未知ピーク・短過ぎる字幕は保存を変更しない
ok 10 - 不正文字範囲・未知ピーク・短過ぎる字幕は保存を変更しない
  ---
  duration_ms: 352.7415
  ...
# Subtest: 同語反復・改行・結合文字・絵文字の選択を正確な出現位置へ変換する
ok 11 - 同語反復・改行・結合文字・絵文字の選択を正確な出現位置へ変換する
  ---
  duration_ms: 0.348875
  ...
# Subtest: Pulse候補は実在する適格ピークだけを時刻で表示し通常字幕へ追加できる
ok 12 - Pulse候補は実在する適格ピークだけを時刻で表示し通常字幕へ追加できる
  ---
  duration_ms: 319.993459
  ...
# Subtest: 描画用snapshotはその後の保存から独立し、固定自動案の改変を再読で拒否する
ok 13 - 描画用snapshotはその後の保存から独立し、固定自動案の改変を再読で拒否する
  ---
  duration_ms: 378.764166
  ...
# Subtest: 旧全編・旧previewの時計で対象を引き、接続挿入後も安定IDを維持する
ok 14 - 旧全編・旧previewの時計で対象を引き、接続挿入後も安定IDを維持する
  ---
  duration_ms: 306.972084
  ...
# Subtest: 挿入黒は接続に所有させ、字幕の空白を近い字幕の選択にしない
ok 15 - 挿入黒は接続に所有させ、字幕の空白を近い字幕の選択にしない
  ---
  duration_ms: 116.942792
  ...
# Subtest: 同尺BlackからSoftへの変更でも版は変わり、確認範囲は全動作と接続前後を含む
ok 16 - 同尺BlackからSoftへの変更でも版は変わり、確認範囲は全動作と接続前後を含む
  ---
  duration_ms: 312.36375
  ...
# Subtest: 全32字幕・全接続の一覧seekと動画位置逆引きがframe境界でも一致する
ok 17 - 全32字幕・全接続の一覧seekと動画位置逆引きがframe境界でも一致する
  ---
  duration_ms: 121.96775
  ...
# Subtest: loopback HTTPの保存・再起動・Range配信と外部要求/path/競合の拒否
ok 18 - loopback HTTPの保存・再起動・Range配信と外部要求/path/競合の拒否
  ---
  duration_ms: 2787.727959
  ...
1..18
# tests 18
# suites 0
# pass 18
# fail 0
# cancelled 0
# skipped 0
# todo 0
# duration_ms 5391.619083
