TAP version 13
# Subtest: numbered chat answers preserve exact raw text, receipt source and timezone while unanswered and no-decision remain different
ok 1 - numbered chat answers preserve exact raw text, receipt source and timezone while unanswered and no-decision remain different
  ---
  duration_ms: 27.96225
  ...
# Subtest: explicit form edits can extend or clear this session draft while preserving the original baseline and playback observations
ok 2 - explicit form edits can extend or clear this session draft while preserving the original baseline and playback observations
  ---
  duration_ms: 24.287084
  ...
# Subtest: answers that already existed in the original baseline cannot be edited or cleared through display projection or imported files
ok 3 - answers that already existed in the original baseline cannot be edited or cleared through display projection or imported files
  ---
  duration_ms: 23.161083
  ...
# Subtest: a conflict in any raw response, choice, comment, source or timestamp rejects an entire import or numbered chat update without mutation
ok 4 - a conflict in any raw response, choice, comment, source or timestamp rejects an entire import or numbered chat update without mutation
  ---
  duration_ms: 65.120875
  ...
# Subtest: display packaging preserves the original questions and source ownership instead of relabeling a different review
ok 5 - display packaging preserves the original questions and source ownership instead of relabeling a different review
  ---
  duration_ms: 11.785875
  ...
# Subtest: numbered chat input rejects invalid receipt times, invented provenance and unsupported decisions without altering other points
ok 6 - numbered chat input rejects invalid receipt times, invented provenance and unsupported decisions without altering other points
  ---
  duration_ms: 75.085125
  ...
1..6
# tests 6
# suites 0
# pass 6
# fail 0
# cancelled 0
# skipped 0
# todo 0
# duration_ms 267.440375
