TAP version 13
# Subtest: ordered retained frames and both PCM channels survive a two-piece join and a new AAC encode
ok 1 - ordered retained frames and both PCM channels survive a two-piece join and a new AAC encode # SKIP test name does not match pattern
  ---
  duration_ms: 0.565625
  ...
# Subtest: same counts cannot hide reversed video order, one changed audio sample, extra samples, or a 16kHz clock
ok 2 - same counts cannot hide reversed video order, one changed audio sample, extra samples, or a 16kHz clock # SKIP test name does not match pattern
  ---
  duration_ms: 0.0465
  ...
# Q5 synthetic test evidence: /private/tmp/zev-stage4-editing-20260918/worktree/evals/clip_composition/outputs/presentation/stage4-editing-20260918-v001/quality-q5-1-20260920-v001/render-v002-input-tests-v003
# Subtest: V002 checks both retention policy and boundary evidence bytes before rendering and rejects old jobs or plans
ok 3 - V002 checks both retention policy and boundary evidence bytes before rendering and rejects old jobs or plans
  ---
  duration_ms: 46.259209
  ...
# Subtest: V002 binds evidence meaning to the selected caption, actual media cut, original target and comparison context
ok 4 - V002 binds evidence meaning to the selected caption, actual media cut, original target and comparison context
  ---
  duration_ms: 4.40975
  ...
# Subtest: V002 observation copies require both original role identities and actual unchanged copy bytes without reading deleted paths
ok 5 - V002 observation copies require both original role identities and actual unchanged copy bytes without reading deleted paths
  ---
  duration_ms: 4.855792
  ...
# Subtest: optional byte counts preserve original identity while another source or non-Normal cut is rejected
ok 6 - optional byte counts preserve original identity while another source or non-Normal cut is rejected # SKIP test name does not match pattern
  ---
  duration_ms: 0.087291
  ...
# Subtest: one synthetic Normal caption passes the same short-media drawing, complete replay and native QC
ok 7 - one synthetic Normal caption passes the same short-media drawing, complete replay and native QC # SKIP test name does not match pattern
  ---
  duration_ms: 0.033416
  ...
1..7
# tests 7
# suites 0
# pass 3
# fail 0
# cancelled 0
# skipped 4
# todo 0
# duration_ms 126.110042
