TAP version 13
# Subtest: audio-only QC requires packet identity for copies and the declared duration and codec after edits
ok 1 - audio-only QC requires packet identity for copies and the declared duration and codec after edits # SKIP test name does not match pattern
  ---
  duration_ms: 0.521
  ...
# Subtest: no selections and explicit normal preserve the plan and all compositor arguments except exact frame-clock muxing
ok 2 - no selections and explicit normal preserve the plan and all compositor arguments except exact frame-clock muxing
  ---
  duration_ms: 10.256
  ...
# Subtest: preset changes only its selected display property; text, IDs, boundaries and position stay intact
ok 3 - preset changes only its selected display property; text, IDs, boundaries and position stay intact # SKIP test name does not match pattern
  ---
  duration_ms: 0.05925
  ...
# Subtest: invalid and duplicate selections, nonadjacent connections and crossing captions fail closed
ok 4 - invalid and duplicate selections, nonadjacent connections and crossing captions fail closed # SKIP test name does not match pattern
  ---
  duration_ms: 0.049792
  ...
# Subtest: two black insertions preserve source references and cumulatively move video, audio and captions
ok 5 - two black insertions preserve source references and cumulatively move video, audio and captions # SKIP test name does not match pattern
  ---
  duration_ms: 0.047166
  ...
# Subtest: captured compositor arguments differ only by exact frame-clock muxing
ok 6 - captured compositor arguments differ only by exact frame-clock muxing
  ---
  duration_ms: 9.876875
  ...
# Subtest: execution control applies only to PNG decoders and the complex filter graph
ok 7 - execution control applies only to PNG decoders and the complex filter graph # SKIP test name does not match pattern
  ---
  duration_ms: 0.058792
  ...
# Subtest: all decoded fixture frames and streamed QC frames match before resource control
ok 8 - all decoded fixture frames and streamed QC frames match before resource control # SKIP test name does not match pattern
  ---
  duration_ms: 0.046208
  ...
1..8
# tests 8
# suites 0
# pass 2
# fail 0
# cancelled 0
# skipped 6
# todo 0
# duration_ms 76.088416
