../evals/clip_composition/adopted_media_manufacturing_v001.mts(55,16): error TS7060: This syntax is reserved in files with the .mts or .cts extension. Add a trailing comma or explicit constraint.
../evals/clip_composition/candidate_internal_edit_core_v001.mts(59,16): error TS7060: This syntax is reserved in files with the .mts or .cts extension. Add a trailing comma or explicit constraint.
../evals/clip_composition/candidate_internal_edit_core_v001.mts(237,30): error TS2339: Property 'status' does not exist on type 'unknown'.
../evals/clip_composition/candidate_internal_edit_core_v001.mts(238,30): error TS2339: Property 'captions' does not exist on type 'unknown'.
../evals/clip_composition/candidate_internal_edit_core_v001.mts(239,69): error TS2339: Property 'captions' does not exist on type 'unknown'.
../evals/clip_composition/run_candidate_internal_edit_v001.mts(182,117): error TS2345: Argument of type 'Json' is not assignable to parameter of type 'Binding'.
  Type 'Json' is missing the following properties from type 'Binding': schemaVersion, path, fileSha256, canonicalSha256
../evals/clip_composition/run_candidate_selection_e2e_v001.mts(27,3): error TS2578: Unused '@ts-expect-error' directive.
../evals/clip_composition/run_candidate_selection_e2e_v001.mts(30,3): error TS2578: Unused '@ts-expect-error' directive.
../evals/clip_composition/run_presentation_instruction_renderer_job_v002.ts(168,35): error TS2339: Property 'path' does not exist on type 'unknown'.
../evals/clip_composition/run_presentation_instruction_renderer_job_v002.ts(168,66): error TS2339: Property 'fileSha256' does not exist on type 'unknown'.
../evals/clip_composition/run_presentation_instruction_renderer_job_v002.ts(171,48): error TS2339: Property 'path' does not exist on type 'unknown'.
../evals/clip_composition/run_presentation_instruction_renderer_job_v002.ts(172,37): error TS2339: Property 'fileSha256' does not exist on type 'unknown'.
../evals/clip_composition/run_presentation_instruction_renderer_job_v002.ts(173,37): error TS2339: Property 'path' does not exist on type 'unknown'.
../evals/clip_composition/run_presentation_instruction_renderer_job_v002.ts(236,52): error TS2339: Property 'lines' does not exist on type 'unknown'.
../evals/clip_composition/run_presentation_instruction_renderer_job_v002.ts(246,37): error TS2339: Property 'lines' does not exist on type 'unknown'.
../evals/clip_composition/run_presentation_instruction_renderer_job_v002.ts(247,30): error TS2339: Property 'lines' does not exist on type 'unknown'.
../evals/clip_composition/run_presentation_instruction_renderer_job_v002.ts(363,39): error TS2339: Property 'publishReceipt' does not exist on type '{}'.
../evals/clip_composition/run_presentation_instruction_renderer_job_v002.ts(409,53): error TS2339: Property 'publishLineLayout' does not exist on type '{}'.
../evals/clip_composition/run_presentation_instruction_renderer_job_v002.ts(423,36): error TS2339: Property 'executeDraw' does not exist on type '{}'.
../evals/clip_composition/run_presentation_instruction_renderer_job_v002.ts(424,39): error TS2339: Property 'executeDraw' does not exist on type '{}'.
../evals/clip_composition/run_presentation_instruction_renderer_job_v002.ts(459,43): error TS2339: Property 'commitDraw' does not exist on type '{}'.
